<span class="t">2023-02-02T16:58:39.154Z</span><span class="m undefined">tttt,[object Object]</span><br>